[19Kas2025 19:56:01.262] [main/INFO] [cpw.mods.modlauncher.Launcher/MODLAUNCHER]: ModLauncher running: args [--launchTarget, forgeclientdev, --version, 21.1.215, --assetIndex, 17, --assetsDir, C:\\Users\\akgls\\.gradle\\caches\\neoformruntime\\assets, --gameDir, ., --fml.fmlVersion, 4.0.42, --fml.mcVersion, 1.21.1, --fml.neoForgeVersion, 21.1.215, --fml.neoFormVersion, 20240808.144430]
[19Kas2025 19:56:01.267] [main/INFO] [cpw.mods.modlauncher.Launcher/MODLAUNCHER]: JVM identified as Eclipse Adoptium OpenJDK 64-Bit Server VM 21.0.7+6-LTS
[19Kas2025 19:56:01.269] [main/INFO] [cpw.mods.modlauncher.Launcher/MODLAUNCHER]: ModLauncher 11.0.5+main.901c6ea8 starting: java version 21.0.7 by Eclipse Adoptium; OS Windows 11 arch amd64 version 10.0
[19Kas2025 19:56:01.425] [main/INFO] [net.neoforged.fml.loading.ImmediateWindowHandler/]: Loading ImmediateWindowProvider fmlearlywindow
[19Kas2025 19:56:01.571] [main/INFO] [EARLYDISPLAY/]: Trying GL version 4.6
[19Kas2025 19:56:01.810] [main/INFO] [EARLYDISPLAY/]: Requested GL version 4.6 got version 4.6
[19Kas2025 19:56:02.040] [main/INFO] [mixin/]: SpongePowered MIXIN Subsystem Version=0.8.7 Source=union:/C:/Users/akgls/.gradle/caches/modules-2/files-2.1/net.fabricmc/sponge-mixin/0.15.2+mixin.0.8.7/2af2f021d8e02a0220dc27a7a72b4666d66d44ca/sponge-mixin-0.15.2+mixin.0.8.7.jar%23138!/ Service=ModLauncher Env=CLIENT
[19Kas2025 19:56:02.505] [pool-2-thread-1/INFO] [EARLYDISPLAY/]: GL info: NVIDIA GeForce GTX 1050 Ti/PCIe/SSE2 GL version 4.6.0 NVIDIA 581.57, NVIDIA Corporation
[19Kas2025 19:56:03.098] [main/INFO] [net.neoforged.fml.loading.moddiscovery.locators.JarInJarDependencyLocator/]: Found 2 dependencies adding them to mods collection
[19Kas2025 19:56:03.102] [main/INFO] [net.neoforged.fml.loading.moddiscovery.ModDiscoverer/]: 
     Mod List:
		Name Version (Mod Id)

		GaraKrral's Mobs 1.1 (garakrrals_mobs)
		Minecraft 1.21.1 (minecraft)
		NeoForge 21.1.215 (neoforge)
[19Kas2025 19:56:04.518] [main/INFO] [mixin/]: Compatibility level set to JAVA_21
[19Kas2025 19:56:04.533] [main/INFO] [cpw.mods.modlauncher.LaunchServiceHandler/MODLAUNCHER]: Launching target 'forgeclientdev' with arguments [--version, 21.1.215, --gameDir, ., --assetsDir, C:\Users\akgls\.gradle\caches\neoformruntime\assets, --assetIndex, 17]
[19Kas2025 19:56:07.203] [Datafixer Bootstrap/INFO] [com.mojang.datafixers.DataFixerBuilder/]: 229 Datafixer optimizations took 952 milliseconds
[19Kas2025 19:56:07.853] [pool-7-thread-1/INFO] [MixinExtras|Service/]: Initializing MixinExtras via com.llamalad7.mixinextras.service.MixinExtrasServiceImpl(version=0.5.0).
[19Kas2025 19:56:14.293] [main/WARN] [net.minecraft.commands.Commands/]: Ambiguity between arguments [teleport, location] and [teleport, destination] with inputs: [0.1 -0.5 .9, 0 0 0]
[19Kas2025 19:56:14.296] [main/WARN] [net.minecraft.commands.Commands/]: Ambiguity between arguments [teleport, location] and [teleport, targets] with inputs: [0.1 -0.5 .9, 0 0 0]
[19Kas2025 19:56:14.300] [main/WARN] [net.minecraft.commands.Commands/]: Ambiguity between arguments [teleport, destination] and [teleport, targets] with inputs: [Player, 0123, @e, dd12be42-52a9-4a91-a8a1-11c01849e498]
[19Kas2025 19:56:14.303] [main/WARN] [net.minecraft.commands.Commands/]: Ambiguity between arguments [teleport, targets] and [teleport, destination] with inputs: [Player, 0123, dd12be42-52a9-4a91-a8a1-11c01849e498]
[19Kas2025 19:56:14.306] [main/WARN] [net.minecraft.commands.Commands/]: Ambiguity between arguments [teleport, targets, location] and [teleport, targets, destination] with inputs: [0.1 -0.5 .9, 0 0 0]
[19Kas2025 19:56:14.490] [Render thread/WARN] [net.minecraft.server.packs.VanillaPackResourcesBuilder/]: Assets URL 'union:/D:/Programs/IDEA/PROJECTS/GaraKrrals%20Mobs/build/moddev/artifacts/neoforge-21.1.215.jar%23189!/assets/.mcassetsroot' uses unexpected schema
[19Kas2025 19:56:14.490] [Render thread/WARN] [net.minecraft.server.packs.VanillaPackResourcesBuilder/]: Assets URL 'union:/D:/Programs/IDEA/PROJECTS/GaraKrrals%20Mobs/build/moddev/artifacts/neoforge-21.1.215.jar%23189!/data/.mcassetsroot' uses unexpected schema
[19Kas2025 19:56:14.518] [Render thread/INFO] [com.mojang.authlib.yggdrasil.YggdrasilAuthenticationService/]: Environment: Environment[sessionHost=https://sessionserver.mojang.com, servicesHost=https://api.minecraftservices.com, name=PROD]
[19Kas2025 19:56:14.529] [Render thread/INFO] [net.minecraft.client.Minecraft/]: Setting user: Dev
[19Kas2025 19:56:14.688] [Render thread/INFO] [net.minecraft.client.Minecraft/]: Backend library: LWJGL version 3.3.3+5
[19Kas2025 19:56:15.163] [modloading-worker-0/INFO] [net.neoforged.neoforge.common.NeoForgeMod/NEOFORGE-MOD]: NeoForge mod loading, version 21.1.215, for MC 1.21.1
[19Kas2025 19:56:16.096] [Render thread/INFO] [net.neoforged.neoforge.gametest.GameTestHooks/]: Enabled Gametest Namespaces: [garakrrals_mobs]
[19Kas2025 19:56:16.278] [Render thread/INFO] [net.minecraft.server.packs.resources.ReloadableResourceManager/]: Reloading ResourceManager: vanilla, mod_resources, mod/garakrrals_mobs, mod/neoforge
[19Kas2025 19:56:16.291] [Worker-Main-1/INFO] [mc.garakrral.gmobs.Main/]: HELLO FROM COMMON SETUP
[19Kas2025 19:56:16.533] [Worker-Main-2/INFO] [net.minecraft.client.gui.font.providers.UnihexProvider/]: Found unifont_all_no_pua-15.1.05.hex, loading
[19Kas2025 19:56:17.217] [Worker-Main-2/INFO] [net.minecraft.client.gui.font.providers.UnihexProvider/]: Found unifont_jp_patch-15.1.05.hex, loading
[19Kas2025 19:56:18.279] [Worker-Main-3/WARN] [net.minecraft.client.resources.model.ModelBakery/]: Unable to load model: 'garakrrals_mobs:item/main_tab_icon_item' referenced from: garakrrals_mobs:item/main_tab_icon_item: java.io.FileNotFoundException: garakrrals_mobs:models/item/main_tab_icon_item.json
[19Kas2025 19:56:18.280] [Worker-Main-3/WARN] [net.minecraft.client.resources.model.ModelBakery/]: Unable to load model: 'garakrrals_mobs:item/test' referenced from: garakrrals_mobs:item/test: java.io.FileNotFoundException: garakrrals_mobs:models/item/test.json
[19Kas2025 19:56:19.368] [Render thread/WARN] [net.minecraft.client.sounds.SoundEngine/]: Missing sound for event: minecraft:item.goat_horn.play
[19Kas2025 19:56:19.368] [Render thread/WARN] [net.minecraft.client.sounds.SoundEngine/]: Missing sound for event: minecraft:entity.goat.screaming.horn_break
[19Kas2025 19:56:19.439] [Render thread/INFO] [com.mojang.blaze3d.audio.Library/]: OpenAL initialized on device OpenAL Soft on SES (VB-Audio Virtual Cable)
[19Kas2025 19:56:19.440] [Render thread/INFO] [net.minecraft.client.sounds.SoundEngine/SOUNDS]: Sound engine started
[19Kas2025 19:56:19.796] [Render thread/INFO] [net.minecraft.client.renderer.texture.TextureAtlas/]: Created: 1024x512x4 minecraft:textures/atlas/blocks.png-atlas
[19Kas2025 19:56:19.814] [Render thread/INFO] [net.minecraft.client.renderer.texture.TextureAtlas/]: Created: 256x256x4 minecraft:textures/atlas/signs.png-atlas
[19Kas2025 19:56:19.817] [Render thread/INFO] [net.minecraft.client.renderer.texture.TextureAtlas/]: Created: 512x512x4 minecraft:textures/atlas/shield_patterns.png-atlas
[19Kas2025 19:56:19.820] [Render thread/INFO] [net.minecraft.client.renderer.texture.TextureAtlas/]: Created: 512x512x4 minecraft:textures/atlas/banner_patterns.png-atlas
[19Kas2025 19:56:19.821] [Render thread/INFO] [net.minecraft.client.renderer.texture.TextureAtlas/]: Created: 1024x1024x4 minecraft:textures/atlas/armor_trims.png-atlas
[19Kas2025 19:56:19.826] [Render thread/INFO] [net.minecraft.client.renderer.texture.TextureAtlas/]: Created: 256x256x4 minecraft:textures/atlas/chest.png-atlas
[19Kas2025 19:56:19.827] [Render thread/INFO] [net.minecraft.client.renderer.texture.TextureAtlas/]: Created: 128x64x4 minecraft:textures/atlas/decorated_pot.png-atlas
[19Kas2025 19:56:19.827] [Render thread/INFO] [net.minecraft.client.renderer.texture.TextureAtlas/]: Created: 512x256x4 minecraft:textures/atlas/shulker_boxes.png-atlas
[19Kas2025 19:56:19.827] [Render thread/INFO] [net.minecraft.client.renderer.texture.TextureAtlas/]: Created: 512x256x4 minecraft:textures/atlas/beds.png-atlas
[19Kas2025 19:56:19.983] [Render thread/INFO] [net.minecraft.client.renderer.texture.TextureAtlas/]: Created: 512x256x0 minecraft:textures/atlas/particles.png-atlas
[19Kas2025 19:56:19.986] [Render thread/INFO] [net.minecraft.client.renderer.texture.TextureAtlas/]: Created: 512x256x0 minecraft:textures/atlas/paintings.png-atlas
[19Kas2025 19:56:19.989] [Render thread/INFO] [net.minecraft.client.renderer.texture.TextureAtlas/]: Created: 256x128x0 minecraft:textures/atlas/mob_effects.png-atlas
[19Kas2025 19:56:19.990] [Render thread/INFO] [net.minecraft.client.renderer.texture.TextureAtlas/]: Created: 64x64x0 minecraft:textures/atlas/map_decorations.png-atlas
[19Kas2025 19:56:19.990] [Render thread/INFO] [net.minecraft.client.renderer.texture.TextureAtlas/]: Created: 1024x512x0 minecraft:textures/atlas/gui.png-atlas
[19Kas2025 19:56:20.026] [Render thread/WARN] [net.minecraft.client.renderer.ShaderInstance/]: Shader rendertype_entity_translucent_emissive could not find sampler named Sampler2 in the specified shader program.
[19Kas2025 19:56:20.109] [Render thread/INFO] [net.neoforged.neoforge.client.entity.animation.json.AnimationLoader/]: Loaded 0 entity animations
[19Kas2025 19:57:08.706] [Render thread/INFO] [net.minecraft.world.item.crafting.RecipeManager/]: Loaded 1290 recipes
[19Kas2025 19:57:08.934] [Render thread/INFO] [net.minecraft.advancements.AdvancementTree/]: Loaded 1399 advancements
[19Kas2025 19:57:20.227] [Server thread/INFO] [net.minecraft.client.server.IntegratedServer/]: Starting integrated minecraft server version 1.21.1
[19Kas2025 19:57:20.228] [Server thread/INFO] [net.minecraft.server.MinecraftServer/]: Generating keypair
[19Kas2025 19:57:25.316] [Server thread/INFO] [net.minecraft.server.MinecraftServer/]: Preparing start region for dimension minecraft:overworld
[19Kas2025 19:57:25.349] [progressListener/INFO] [net.minecraft.server.level.progress.LoggerChunkProgressListener/]: Başlangıç alanı hazırlanıyor: %2
[19Kas2025 19:57:25.841] [progressListener/INFO] [net.minecraft.server.level.progress.LoggerChunkProgressListener/]: Başlangıç alanı hazırlanıyor: %2
[19Kas2025 19:57:26.349] [progressListener/INFO] [net.minecraft.server.level.progress.LoggerChunkProgressListener/]: Başlangıç alanı hazırlanıyor: %2
[19Kas2025 19:57:26.840] [progressListener/INFO] [net.minecraft.server.level.progress.LoggerChunkProgressListener/]: Başlangıç alanı hazırlanıyor: %18
[19Kas2025 19:57:27.338] [progressListener/INFO] [net.minecraft.server.level.progress.LoggerChunkProgressListener/]: Başlangıç alanı hazırlanıyor: %18
[19Kas2025 19:57:27.881] [progressListener/INFO] [net.minecraft.server.level.progress.LoggerChunkProgressListener/]: Başlangıç alanı hazırlanıyor: %18
[19Kas2025 19:57:28.367] [progressListener/INFO] [net.minecraft.server.level.progress.LoggerChunkProgressListener/]: Başlangıç alanı hazırlanıyor: %51
[19Kas2025 19:57:28.837] [progressListener/INFO] [net.minecraft.server.level.progress.LoggerChunkProgressListener/]: Başlangıç alanı hazırlanıyor: %51
[19Kas2025 19:57:29.345] [progressListener/INFO] [net.minecraft.server.level.progress.LoggerChunkProgressListener/]: Başlangıç alanı hazırlanıyor: %51
[19Kas2025 19:57:29.564] [Server thread/INFO] [net.neoforged.neoforge.server.permission.PermissionAPI/]: Successfully initialized permission handler neoforge:default_handler
[19Kas2025 19:57:29.565] [Server thread/INFO] [mc.garakrral.gmobs.Main/]: HELLO from server starting
[19Kas2025 19:57:29.566] [progressListener/INFO] [net.minecraft.server.level.progress.LoggerChunkProgressListener/]: Time elapsed: 4235 ms
[19Kas2025 19:57:29.599] [Server thread/INFO] [net.minecraft.client.server.IntegratedServer/]: Changing view distance to 32, from 10
[19Kas2025 19:57:29.599] [Server thread/INFO] [net.minecraft.client.server.IntegratedServer/]: Changing simulation distance to 32, from 0
[19Kas2025 19:57:30.846] [Server thread/INFO] [net.minecraft.server.players.PlayerList/]: Dev[local:E:d03b6f5d] logged in with entity id 13 at (14.5, 76.0, 90.5)
[19Kas2025 19:57:30.973] [Server thread/INFO] [net.minecraft.server.MinecraftServer/]: Dev oyuna katıldı
[19Kas2025 19:57:31.415] [Render thread/INFO] [net.minecraft.advancements.AdvancementTree/]: Loaded 2 advancements
[19Kas2025 19:57:41.381] [Render thread/INFO] [net.minecraft.client.gui.components.ChatComponent/]: [System] [CHAT] [Hata Ayıklama]: Vurma kutuları: görünür
[19Kas2025 19:57:42.674] [Server thread/INFO] [net.minecraft.server.commands.LocateCommand/]: Locating element minecraft:village_plains took 4208 ms
[19Kas2025 19:57:42.674] [Server thread/WARN] [net.minecraft.server.MinecraftServer/]: Can't keep up! Is the server overloaded? Running 4207ms or 84 ticks behind
[19Kas2025 19:57:42.689] [Render thread/INFO] [net.minecraft.client.gui.components.ChatComponent/]: [System] [CHAT] En yakın minecraft:village_plains tam olarak [736, ~, -1024] konumunda (1327 blok mesafede)
[19Kas2025 19:57:49.882] [Server thread/INFO] [net.minecraft.server.MinecraftServer/]: [Dev: Dev; 736.500000, 76.000000, -1023.500000 konumuna ışınlandı]
[19Kas2025 19:57:49.892] [Render thread/INFO] [net.minecraft.client.gui.components.ChatComponent/]: [System] [CHAT] Dev; 736.500000, 76.000000, -1023.500000 konumuna ışınlandı
[19Kas2025 19:58:17.805] [Render thread/INFO] [net.minecraft.client.gui.components.ChatComponent/]: [System] [CHAT] [Hata Ayıklama]: Vurma kutuları: gizli
[19Kas2025 19:58:43.914] [Server thread/INFO] [net.minecraft.server.MinecraftServer/]: [Dev: Oyun modunuz Hayatta Kalma Modu olarak ayarlandı]
[19Kas2025 19:58:44.005] [Render thread/INFO] [net.minecraft.client.gui.components.ChatComponent/]: [System] [CHAT] Oyun modunuz Hayatta Kalma Modu olarak ayarlandı
[19Kas2025 19:58:58.422] [Render thread/INFO] [net.minecraft.client.gui.components.ChatComponent/]: [System] [CHAT] [Hata Ayıklama]: Vurma kutuları: görünür
[19Kas2025 19:58:59.232] [Render thread/INFO] [net.minecraft.client.gui.components.ChatComponent/]: [System] [CHAT] [Hata Ayıklama]: Vurma kutuları: gizli
[19Kas2025 19:59:00.455] [Server thread/INFO] [net.minecraft.server.MinecraftServer/]: [Dev: Oyun modunuz Yaratıcı Mod olarak ayarlandı]
[19Kas2025 19:59:00.459] [Render thread/INFO] [net.minecraft.client.gui.components.ChatComponent/]: [System] [CHAT] Oyun modunuz Yaratıcı Mod olarak ayarlandı
[19Kas2025 19:59:03.456] [Server thread/WARN] [net.minecraft.server.MinecraftServer/]: Can't keep up! Is the server overloaded? Running 2190ms or 43 ticks behind
[19Kas2025 19:59:03.457] [Server thread/INFO] [net.minecraft.client.server.IntegratedServer/]: Saving and pausing game...
[19Kas2025 19:59:03.481] [Server thread/INFO] [net.minecraft.server.MinecraftServer/]: Saving chunks for level 'ServerLevel[beni sil lann]'/minecraft:overworld
[19Kas2025 19:59:03.554] [Server thread/INFO] [net.minecraft.server.MinecraftServer/]: Saving chunks for level 'ServerLevel[beni sil lann]'/minecraft:the_nether
[19Kas2025 19:59:03.554] [Server thread/INFO] [net.minecraft.server.MinecraftServer/]: Saving chunks for level 'ServerLevel[beni sil lann]'/minecraft:the_end
[19Kas2025 19:59:42.044] [Render thread/INFO] [net.minecraft.client.gui.components.ChatComponent/]: [System] [CHAT] [Hata Ayıklama]: Vurma kutuları: görünür
[19Kas2025 19:59:47.479] [Render thread/INFO] [net.minecraft.client.gui.components.ChatComponent/]: [System] [CHAT] [Hata Ayıklama]: Vurma kutuları: gizli
[19Kas2025 20:00:37.434] [Render thread/INFO] [net.minecraft.client.gui.components.ChatComponent/]: [System] [CHAT] [Hata Ayıklama]: Vurma kutuları: görünür
[19Kas2025 20:00:39.839] [Render thread/INFO] [net.minecraft.client.gui.components.ChatComponent/]: [System] [CHAT] [Hata Ayıklama]: Vurma kutuları: gizli
[19Kas2025 20:00:41.513] [Render thread/INFO] [net.minecraft.client.gui.components.ChatComponent/]: [System] [CHAT] [Hata Ayıklama]: Vurma kutuları: görünür
[19Kas2025 20:00:48.757] [Render thread/INFO] [net.minecraft.client.gui.components.ChatComponent/]: [System] [CHAT] [Hata Ayıklama]: Vurma kutuları: gizli
[19Kas2025 20:01:08.196] [Render thread/INFO] [net.minecraft.client.gui.components.ChatComponent/]: [System] [CHAT] [Hata Ayıklama]: Vurma kutuları: görünür
[19Kas2025 20:01:10.240] [Render thread/INFO] [net.minecraft.client.gui.components.ChatComponent/]: [System] [CHAT] [Hata Ayıklama]: Vurma kutuları: gizli
[19Kas2025 20:01:26.842] [Render thread/INFO] [net.minecraft.client.gui.components.ChatComponent/]: [System] [CHAT] [Hata Ayıklama]: Vurma kutuları: görünür
[19Kas2025 20:01:31.109] [Render thread/INFO] [net.minecraft.client.gui.components.ChatComponent/]: [System] [CHAT] [Hata Ayıklama]: Vurma kutuları: gizli
[19Kas2025 20:02:01.605] [Render thread/WARN] [net.minecraft.client.sounds.SoundEngine/SOUNDS]: Unable to play empty soundEvent: minecraft:entity.cod.ambient
[19Kas2025 20:02:02.507] [Render thread/INFO] [net.minecraft.advancements.AdvancementTree/]: Loaded 11 advancements
[19Kas2025 20:02:02.753] [Render thread/WARN] [net.minecraft.client.sounds.SoundEngine/SOUNDS]: Unable to play empty soundEvent: minecraft:entity.tropical_fish.ambient
[19Kas2025 20:02:05.973] [Render thread/WARN] [net.minecraft.client.sounds.SoundEngine/SOUNDS]: Unable to play empty soundEvent: minecraft:entity.puffer_fish.ambient
[19Kas2025 20:03:00.780] [Render thread/INFO] [net.minecraft.client.gui.components.ChatComponent/]: [System] [CHAT] [Hata Ayıklama]: Vurma kutuları: görünür
[19Kas2025 20:03:36.297] [Server thread/INFO] [net.minecraft.server.commands.LocateCommand/]: Locating element minecraft:village_plains took 999 ms
[19Kas2025 20:03:36.300] [Render thread/INFO] [net.minecraft.client.gui.components.ChatComponent/]: [System] [CHAT] En yakın minecraft:village_plains tam olarak [784, ~, -1920] konumunda (1012 blok mesafede)
[19Kas2025 20:03:40.831] [Server thread/INFO] [net.minecraft.server.MinecraftServer/]: [Dev: Dev; 784.500000, 90.356924, -1919.500000 konumuna ışınlandı]
[19Kas2025 20:03:40.831] [Server thread/WARN] [net.minecraft.server.MinecraftServer/]: Can't keep up! Is the server overloaded? Running 3114ms or 62 ticks behind
[19Kas2025 20:03:40.867] [Render thread/INFO] [net.minecraft.client.gui.components.ChatComponent/]: [System] [CHAT] Dev; 784.500000, 90.356924, -1919.500000 konumuna ışınlandı
[19Kas2025 20:03:42.907] [Render thread/INFO] [net.minecraft.client.gui.components.ChatComponent/]: [System] [CHAT] [Hata Ayıklama]: Vurma kutuları: gizli
[19Kas2025 20:04:10.309] [Render thread/INFO] [net.minecraft.client.gui.components.ChatComponent/]: [System] [CHAT] [Hata Ayıklama]: Vurma kutuları: görünür
[19Kas2025 20:04:11.259] [Render thread/INFO] [net.minecraft.client.gui.components.ChatComponent/]: [System] [CHAT] [Hata Ayıklama]: Vurma kutuları: gizli
[19Kas2025 20:04:39.545] [Render thread/INFO] [net.minecraft.client.gui.components.ChatComponent/]: [System] [CHAT] [Hata Ayıklama]: Vurma kutuları: görünür
[19Kas2025 20:04:52.605] [Render thread/INFO] [net.minecraft.client.gui.components.ChatComponent/]: [System] [CHAT] [Hata Ayıklama]: Vurma kutuları: gizli
[19Kas2025 20:05:38.250] [Server thread/INFO] [net.minecraft.server.MinecraftServer/]: [Dev: Oyun modunuz Hayatta Kalma Modu olarak ayarlandı]
[19Kas2025 20:05:38.258] [Render thread/INFO] [net.minecraft.client.gui.components.ChatComponent/]: [System] [CHAT] Oyun modunuz Hayatta Kalma Modu olarak ayarlandı
[19Kas2025 20:05:40.794] [Server thread/INFO] [net.minecraft.server.MinecraftServer/]: [Dev: Oyun modunuz Yaratıcı Mod olarak ayarlandı]
[19Kas2025 20:05:40.807] [Render thread/INFO] [net.minecraft.client.gui.components.ChatComponent/]: [System] [CHAT] Oyun modunuz Yaratıcı Mod olarak ayarlandı
[19Kas2025 20:05:44.708] [Server thread/INFO] [net.minecraft.server.MinecraftServer/]: [Dev: Oyun modunuz Hayatta Kalma Modu olarak ayarlandı]
[19Kas2025 20:05:44.741] [Render thread/INFO] [net.minecraft.client.gui.components.ChatComponent/]: [System] [CHAT] Oyun modunuz Hayatta Kalma Modu olarak ayarlandı
[19Kas2025 20:05:45.748] [Server thread/INFO] [net.minecraft.server.MinecraftServer/]: [Dev: Oyun modunuz Yaratıcı Mod olarak ayarlandı]
[19Kas2025 20:05:45.784] [Render thread/INFO] [net.minecraft.client.gui.components.ChatComponent/]: [System] [CHAT] Oyun modunuz Yaratıcı Mod olarak ayarlandı
[19Kas2025 20:05:55.667] [Render thread/INFO] [net.minecraft.client.gui.components.ChatComponent/]: [System] [CHAT] [Hata Ayıklama]: Vurma kutuları: görünür
[19Kas2025 20:06:00.438] [Server thread/INFO] [net.minecraft.client.server.IntegratedServer/]: Saving and pausing game...
[19Kas2025 20:06:00.529] [Server thread/INFO] [net.minecraft.server.MinecraftServer/]: Saving chunks for level 'ServerLevel[beni sil lann]'/minecraft:overworld
[19Kas2025 20:06:00.562] [Server thread/INFO] [net.minecraft.server.MinecraftServer/]: Saving chunks for level 'ServerLevel[beni sil lann]'/minecraft:the_nether
[19Kas2025 20:06:00.562] [Server thread/INFO] [net.minecraft.server.MinecraftServer/]: Saving chunks for level 'ServerLevel[beni sil lann]'/minecraft:the_end
[19Kas2025 20:06:27.857] [Server thread/INFO] [net.minecraft.server.MinecraftServer/]: [Dev: 7 varlık Dev hedefine ışınlandı]
[19Kas2025 20:06:27.891] [Render thread/INFO] [net.minecraft.client.gui.components.ChatComponent/]: [System] [CHAT] 7 varlık Dev hedefine ışınlandı
[19Kas2025 20:07:41.854] [Server thread/INFO] [net.minecraft.server.MinecraftServer/]: [Dev: 2 varlık Dev hedefine ışınlandı]
[19Kas2025 20:07:41.864] [Render thread/INFO] [net.minecraft.client.gui.components.ChatComponent/]: [System] [CHAT] 2 varlık Dev hedefine ışınlandı
[19Kas2025 20:08:17.050] [Render thread/INFO] [net.minecraft.client.gui.components.ChatComponent/]: [System] [CHAT] [Hata Ayıklama]: Vurma kutuları: gizli
[19Kas2025 20:08:22.314] [Server thread/INFO] [net.minecraft.server.MinecraftServer/]: [Dev: Zaman 1000 olarak ayarlandı]
[19Kas2025 20:08:22.326] [Render thread/INFO] [net.minecraft.client.gui.components.ChatComponent/]: [System] [CHAT] Zaman 1000 olarak ayarlandı
[19Kas2025 20:09:01.655] [Render thread/INFO] [net.minecraft.advancements.AdvancementTree/]: Loaded 47 advancements
[19Kas2025 20:09:25.153] [Render thread/INFO] [net.minecraft.client.gui.components.ChatComponent/]: [System] [CHAT] [Hata Ayıklama]: Vurma kutuları: görünür
[19Kas2025 20:09:28.599] [Render thread/INFO] [net.minecraft.advancements.AdvancementTree/]: Loaded 47 advancements
[19Kas2025 20:09:33.487] [Render thread/INFO] [net.minecraft.advancements.AdvancementTree/]: Loaded 47 advancements
[19Kas2025 20:09:42.498] [Server thread/INFO] [net.minecraft.server.commands.LocateCommand/]: Locating element minecraft:village_plains took 0 ms
[19Kas2025 20:09:42.515] [Render thread/INFO] [net.minecraft.client.gui.components.ChatComponent/]: [System] [CHAT] En yakın minecraft:village_plains tam olarak [1200, ~, -816] konumunda (1016 blok mesafede)
[19Kas2025 20:09:45.180] [Server thread/INFO] [net.minecraft.server.MinecraftServer/]: [Dev: Dev; 1200.500000, 104.375681, -815.500000 konumuna ışınlandı]
[19Kas2025 20:09:45.185] [Render thread/INFO] [net.minecraft.client.gui.components.ChatComponent/]: [System] [CHAT] Dev; 1200.500000, 104.375681, -815.500000 konumuna ışınlandı
[19Kas2025 20:11:26.516] [Render thread/INFO] [net.minecraft.advancements.AdvancementTree/]: Loaded 47 advancements
[19Kas2025 20:11:35.099] [Render thread/INFO] [net.minecraft.client.gui.components.ChatComponent/]: [System] [CHAT] Hiçbir varlık bulunamadı
[19Kas2025 20:11:37.554] [Render thread/INFO] [net.minecraft.client.gui.components.ChatComponent/]: [System] [CHAT] Hiçbir varlık bulunamadı
[19Kas2025 20:12:04.195] [Render thread/INFO] [net.minecraft.client.gui.components.ChatComponent/]: [System] [CHAT] [Hata Ayıklama]: Vurma kutuları: gizli
[19Kas2025 20:12:04.476] [Render thread/INFO] [net.minecraft.client.gui.components.ChatComponent/]: [System] [CHAT] [Hata Ayıklama]: Vurma kutuları: görünür
[19Kas2025 20:12:07.342] [Render thread/INFO] [net.minecraft.client.gui.components.ChatComponent/]: [System] [CHAT] Hiçbir varlık bulunamadı
[19Kas2025 20:12:26.416] [Server thread/INFO] [net.minecraft.client.server.IntegratedServer/]: Saving and pausing game...
[19Kas2025 20:12:26.442] [Server thread/INFO] [net.minecraft.server.MinecraftServer/]: Saving chunks for level 'ServerLevel[beni sil lann]'/minecraft:overworld
[19Kas2025 20:12:26.495] [Server thread/INFO] [net.minecraft.server.MinecraftServer/]: Saving chunks for level 'ServerLevel[beni sil lann]'/minecraft:the_nether
[19Kas2025 20:12:26.495] [Server thread/INFO] [net.minecraft.server.MinecraftServer/]: Saving chunks for level 'ServerLevel[beni sil lann]'/minecraft:the_end
[19Kas2025 20:12:28.256] [Render thread/INFO] [net.minecraft.client.Minecraft/]: Stopping!
[19Kas2025 20:12:28.301] [Server thread/INFO] [net.minecraft.server.network.ServerGamePacketListenerImpl/]: Dev lost connection: Bağlantı kesildi
[19Kas2025 20:12:28.302] [Server thread/INFO] [net.minecraft.server.MinecraftServer/]: Dev oyundan ayrıldı
[19Kas2025 20:12:28.312] [Server thread/INFO] [net.minecraft.server.network.ServerCommonPacketListenerImpl/]: Stopping singleplayer server as player logged out
[19Kas2025 20:12:28.330] [Server thread/INFO] [net.minecraft.server.MinecraftServer/]: Stopping server
[19Kas2025 20:12:28.331] [Server thread/INFO] [net.minecraft.server.MinecraftServer/]: Saving players
[19Kas2025 20:12:28.332] [Server thread/INFO] [net.minecraft.server.MinecraftServer/]: Saving worlds
[19Kas2025 20:12:30.307] [Server thread/INFO] [net.minecraft.server.MinecraftServer/]: Saving chunks for level 'ServerLevel[beni sil lann]'/minecraft:overworld
[19Kas2025 20:12:30.981] [Server thread/INFO] [net.minecraft.server.MinecraftServer/]: Saving chunks for level 'ServerLevel[beni sil lann]'/minecraft:the_nether
[19Kas2025 20:12:30.985] [Server thread/INFO] [net.minecraft.server.MinecraftServer/]: Saving chunks for level 'ServerLevel[beni sil lann]'/minecraft:the_end
[19Kas2025 20:12:30.993] [Server thread/INFO] [net.minecraft.server.MinecraftServer/]: ThreadedAnvilChunkStorage (beni sil lann): All chunks are saved
[19Kas2025 20:12:30.993] [Server thread/INFO] [net.minecraft.server.MinecraftServer/]: ThreadedAnvilChunkStorage (DIM-1): All chunks are saved
[19Kas2025 20:12:30.993] [Server thread/INFO] [net.minecraft.server.MinecraftServer/]: ThreadedAnvilChunkStorage (DIM1): All chunks are saved
[19Kas2025 20:12:30.993] [Server thread/INFO] [net.minecraft.server.MinecraftServer/]: ThreadedAnvilChunkStorage: All dimensions are saved
